# Copyright (C) 2022 The Qt Company Ltd.
# SPDX-License-Identifier: LicenseRef-Qt-Commercial OR LGPL-3.0-only OR GPL-2.0-only OR GPL-3.0-only

# see README.md
# A line enclosed in [] denotes a (relative) target directory

[overviews]
qt3d/webxml/qt3d-changes-qt6.webxml
qt3d/webxml/qt3d-cpp.webxml
qt3d/webxml/qt3d-overview.webxml
qt3d/webxml/qt3d-qml.webxml
qt3d/webxml/qt3drender-framegraph.webxml
qt3d/webxml/qt3drender-geometry.webxml
qt3d/webxml/qt3drender-porting-to-rhi.webxml
qt3d/webxml/qt3drender-protips.webxml
qtbluetooth/webxml/qtbluetooth-changes-qt6.webxml
qtbluetooth/webxml/qtbluetooth-le-overview.webxml
qtbluetooth/webxml/qtbluetooth-overview.webxml
qtcharts/webxml/qtcharts-changes-qt6.webxml
qtcharts/webxml/qtcharts-overview.webxml
qtconcurrent/webxml/concurrent-changes-qt6.webxml
qtconcurrent/webxml/qtconcurrentfilter.webxml
qtconcurrent/webxml/qtconcurrentmap.webxml
qtconcurrent/webxml/qtconcurrentrun.webxml
qtconcurrent/webxml/qtconcurrenttask.webxml
qtcore/webxml/animation-overview.webxml
qtcore/webxml/animation.webxml
qtcore/webxml/bindableproperties.webxml
qtcore/webxml/containers.webxml
qtcore/webxml/custom-types.webxml
qtcore/webxml/datastreamformat.webxml
qtcore/webxml/eventsandfilters.webxml
qtcore/webxml/events.webxml
qtcore/webxml/implicit-sharing.webxml
qtcore/webxml/io-functions.webxml
qtcore/webxml/io.webxml
qtcore/webxml/ipc.webxml
qtcore/webxml/java-style-iterators.webxml
qtcore/webxml/json.webxml
qtcore/webxml/metaobjects.webxml
qtcore/webxml/objecttrees.webxml
qtcore/webxml/object.webxml
qtcore/webxml/plugins.webxml
qtcore/webxml/properties.webxml
qtcore/webxml/qabstracteventdispatcher-timerinfo.webxml
qtcore/webxml/qadoptshareddatatag.webxml
qtcore/webxml/qcborerror.webxml
qtcore/webxml/qcborparsererror.webxml
qtcore/webxml/qcborstreamreader-stringresult.webxml
qtcore/webxml/qglobalstatic.webxml
qtcore/webxml/qhashseed.webxml
qtcore/webxml/qiterator.webxml
qtcore/webxml/qjsonparseerror.webxml
qtcore/webxml/qprocess-createprocessarguments.webxml
qtcore/webxml/qstaticplugin.webxml
qtcore/webxml/qtalgorithms.webxml
qtcore/webxml/qtcborcommon.webxml
qtcore/webxml/qtcore-changes-qt6.webxml
qtcore/webxml/qtglobal.webxml
qtcore/webxml/qtimezone-offsetdata.webxml
qtcore/webxml/qtmath.webxml
qtcore/webxml/qtplugin.webxml
qtcore/webxml/resources.webxml
qtcore/webxml/shared.webxml
qtcore/webxml/signalsandslots.webxml
qtcore/webxml/timers.webxml
qtdbus/webxml/dbus-changes-qt6.webxml
qtdbus/webxml/qdbusdeclaringsignals.webxml
qtdbus/webxml/qdbusdeclaringslots.webxml
qtdbus/webxml/qdbustypesystem.webxml
qtdbus/webxml/qdbusviewer.webxml
qtdbus/webxml/qdbusxml2cpp.webxml
qtdbus/webxml/qtdbus-cmake-qt-add-dbus-adaptor.webxml
qtdbus/webxml/qtdbus-cmake-qt-add-dbus-interfaces.webxml
qtdbus/webxml/qtdbus-cmake-qt-add-dbus-interface.webxml
qtdbus/webxml/qtdbus-cmake-qt-generate-dbus-interface.webxml
qtdbus/webxml/usingadaptors.webxml
qtdesigner/webxml/qtdesigner-components.webxml
qtdesigner/webxml/qtdesigner-manual.webxml
qtdoc/webxml/accessible.webxml
qtdoc/webxml/appicon.webxml
qtdoc/webxml/create-your-first-applications.webxml
qtdoc/webxml/deployment.webxml
qtdoc/webxml/desktop-integration.webxml
qtdoc/webxml/exceptionsafety.webxml
qtdoc/webxml/explore-qt.webxml
qtdoc/webxml/get-and-install-qt.webxml
qtdoc/webxml/gettingstarted.webxml
qtdoc/webxml/highdpi.webxml
qtdoc/webxml/install-qt-design-studio.webxml
qtdoc/webxml/known-issues.webxml
qtdoc/webxml/overviews-main.webxml
qtdoc/webxml/plugins-howto.webxml
qtdoc/webxml/qmlapplications.webxml
qtdoc/webxml/qml-codingconventions.webxml
qtdoc/webxml/qmlfirststeps.webxml
qtdoc/webxml/qml-glossary.webxml
qtdoc/webxml/qt-intro.webxml
qtdoc/webxml/qtquick-debugging.webxml
qtdoc/webxml/qtquick-performance.webxml
qtdoc/webxml/qtquick-qml-runtime.webxml
qtdoc/webxml/qtquick-usecase-animations.webxml
qtdoc/webxml/qtquick-usecase-integratingjs.webxml
qtdoc/webxml/qtquick-usecase-layouts.webxml
qtdoc/webxml/qtquick-usecase-styling.webxml
qtdoc/webxml/qtquick-usecase-text.webxml
qtdoc/webxml/qtquick-usecase-userinput.webxml
qtdoc/webxml/qtquick-usecase-visual.webxml
qtdoc/webxml/qundo.webxml
qtdoc/webxml/rcc.webxml
qtdoc/webxml/restoring-geometry.webxml
qtdoc/webxml/scalability.webxml
qtdoc/webxml/session.webxml
qtdoc/webxml/sharedlibrary.webxml
qtdoc/webxml/solutions-for-application-development.webxml
qtdoc/webxml/solutions-for-ui-design.webxml
qtdoc/webxml/thread-basics.webxml
qtdoc/webxml/threads.webxml
qtdoc/webxml/tools-for-qt-quick-uis.webxml
qtdoc/webxml/tools-for-qt-widget-based-uis.webxml
qtdoc/webxml/topics-app-development.webxml
qtdoc/webxml/topics-data-io.webxml
qtdoc/webxml/topics-ui.webxml
qtdoc/webxml/uic.webxml
qtdoc/webxml/unicode.webxml
qtdoc/webxml/wayland-and-qt.webxml
qtgui/webxml/coordsys.webxml
qtgui/webxml/dnd.webxml
qtgui/webxml/gui-changes-qt6.webxml
qtgui/webxml/painting-3d.webxml
qtgui/webxml/painting.webxml
qtgui/webxml/paintsystem-devices.webxml
qtgui/webxml/paintsystem-drawing.webxml
qtgui/webxml/paintsystem-images.webxml
qtgui/webxml/paintsystem.webxml
qtgui/webxml/qabstracttextdocumentlayout-paintcontext.webxml
qtgui/webxml/qabstracttextdocumentlayout-selection.webxml
qtgui/webxml/qaccessible-state.webxml
qtgui/webxml/qiconengine-scaledpixmapargument.webxml
qtgui/webxml/qpageranges-range.webxml
qtgui/webxml/qtextlayout-formatrange.webxml
qtgui/webxml/qtextoption-tab.webxml
qtgui/webxml/richtext-advanced-processing.webxml
qtgui/webxml/richtext-common-tasks.webxml
qtgui/webxml/richtext-cursor.webxml
qtgui/webxml/richtext-html-subset.webxml
qtgui/webxml/richtext-layouts.webxml
qtgui/webxml/richtext-processing.webxml
qtgui/webxml/richtext-structure.webxml
qtgui/webxml/richtext.webxml
qthelp/webxml/helpsystem.webxml
qthelp/webxml/qhelplink.webxml
qthelp/webxml/qthelp-framework.webxml
qthelp/webxml/qthelpproject.webxml
qtmultimedia/webxml/audiooverview.webxml
qtmultimedia/webxml/cameraoverview.webxml
qtmultimedia/webxml/multimediaoverview.webxml
qtmultimedia/webxml/qmediatimerange-interval.webxml
qtmultimedia/webxml/qtmultimedia-apple.webxml
qtmultimedia/webxml/qtmultimedia-changes-qt6.webxml
qtmultimedia/webxml/videooverview.webxml
qtnetwork/webxml/network-changes-qt6.webxml
qtnetwork/webxml/network.webxml
qtnetwork/webxml/qdtlsclientverifier-generatorparameters.webxml
qtnetwork/webxml/qtnetwork-programming.webxml
qtnetwork/webxml/ssl.webxml
qtnfc/webxml/nfc-android.webxml
qtnfc/webxml/qndeffilter-record.webxml
qtnfc/webxml/qtnfc-changes-qt6.webxml
qtnfc/webxml/qtnfc-overview.webxml
qtopengl/webxml/opengl-changes-qt6.webxml
qtpositioning/webxml/positioning-cpp-qml.webxml
qtpositioning/webxml/position-plugin-geoclue2.webxml
qtpositioning/webxml/position-plugin-gypsy.webxml
qtpositioning/webxml/position-plugin-nmea.webxml
qtpositioning/webxml/qtpositioning-android.webxml
qtpositioning/webxml/qtpositioning-changes-qt6.webxml
qtpositioning/webxml/qtpositioning-ios.webxml
qtpositioning/webxml/qtpositioning-plugins.webxml
qtprintsupport/webxml/printing.webxml
qtprintsupport/webxml/printsupport-changes-qt6.webxml
qtqml/webxml/qml-changes-qt6.webxml
qtqml/webxml/qmldiskcache.webxml
qtqml/webxml/qmlreference.webxml
qtqml/webxml/qqmlcontext-propertypair.webxml
qtqml/webxml/qtjavascript.webxml
qtqml/webxml/qtqml-documents-definetypes.webxml
qtqml/webxml/qtqml-documents-networktransparency.webxml
qtqml/webxml/qtqml-documents-scope.webxml
qtqml/webxml/qtqml-documents-structure.webxml
qtqml/webxml/qtqml-documents-topic.webxml
qtqml/webxml/qtqml-javascript-dynamicobjectcreation.webxml
qtqml/webxml/qtqml-javascript-expressions.webxml
qtqml/webxml/qtqml-javascript-finetuning.webxml
qtqml/webxml/qtqml-javascript-functionlist.webxml
qtqml/webxml/qtqml-javascript-hostenvironment.webxml
qtqml/webxml/qtqml-javascript-imports.webxml
qtqml/webxml/qtqml-javascript-qmlglobalobject.webxml
qtqml/webxml/qtqml-javascript-resources.webxml
qtqml/webxml/qtqml-javascript-topic.webxml
qtqml/webxml/qtqml-syntax-basics.webxml
qtqml/webxml/qtqml-syntax-directoryimports.webxml
qtqml/webxml/qtqml-syntax-imports.webxml
qtqml/webxml/qtqml-syntax-objectattributes.webxml
qtqml/webxml/qtqml-syntax-propertybinding.webxml
qtqml/webxml/qtqml-typesystem-basictypes.webxml
qtqml/webxml/qtqml-typesystem-objecttypes.webxml
qtqml/webxml/qtqml-typesystem-topic.webxml
qtquickcontrols/webxml/qtquickcontrols-basic.webxml
qtquickcontrols/webxml/qtquickcontrols-buttons.webxml
qtquickcontrols/webxml/qtquickcontrols-changes-qt6.webxml
qtquickcontrols/webxml/qtquickcontrols-configuration.webxml
qtquickcontrols/webxml/qtquickcontrols-containers.webxml
qtquickcontrols/webxml/qtquickcontrols-customize.webxml
qtquickcontrols/webxml/qtquickcontrols-delegates.webxml
qtquickcontrols/webxml/qtquickcontrols-deployment.webxml
qtquickcontrols/webxml/qtquickcontrols-environment.webxml
qtquickcontrols/webxml/qtquickcontrols-fileselectors.webxml
qtquickcontrols/webxml/qtquickcontrols-focus.webxml
qtquickcontrols/webxml/qtquickcontrols-fusion.webxml
qtquickcontrols/webxml/qtquickcontrols-gettingstarted.webxml
qtquickcontrols/webxml/qtquickcontrols-guidelines.webxml
qtquickcontrols/webxml/qtquickcontrols-icons.webxml
qtquickcontrols/webxml/qtquickcontrols-imagine.webxml
qtquickcontrols/webxml/qtquickcontrols-indicators.webxml
qtquickcontrols/webxml/qtquickcontrols-input.webxml
qtquickcontrols/webxml/qtquickcontrols-macos.webxml
qtquickcontrols/webxml/qtquickcontrols-material.webxml
qtquickcontrols/webxml/qtquickcontrols-menus.webxml
qtquickcontrols/webxml/qtquickcontrols-navigation.webxml
qtquickcontrols/webxml/qtquickcontrols-popups.webxml
qtquickcontrols/webxml/qtquickcontrols-separators.webxml
qtquickcontrols/webxml/qtquickcontrols-styles.webxml
qtquickcontrols/webxml/qtquickcontrols-universal.webxml
qtquickcontrols/webxml/qtquickcontrols-windows.webxml
qtquick/webxml/qml-advtutorial.webxml
qtquick/webxml/qml-dynamicview-tutorial.webxml
qtquick/webxml/qml-tutorial1.webxml
qtquick/webxml/qml-tutorial2.webxml
qtquick/webxml/qml-tutorial3.webxml
qtquick/webxml/qml-tutorial.webxml
qtquick/webxml/qquickitem-itemchangedata.webxml
qtquick/webxml/qsggeometry-attribute.webxml
qtquick/webxml/qsggeometry-coloredpoint2d.webxml
qtquick/webxml/qsggeometry-point2d.webxml
qtquick/webxml/qsggeometry-texturedpoint2d.webxml
qtquick/webxml/qsgmaterialshader-graphicspipelinestate.webxml
qtquick/webxml/qsgmaterialtype.webxml
qtquick/webxml/qtquick-bestpractices.webxml
qtquick/webxml/qtquick-codesamples.webxml
qtquick/webxml/qtquick-convenience-topic.webxml
qtquick/webxml/qtquick-cppextensionpoints.webxml
qtquick/webxml/qtquick-effects-particles.webxml
qtquick/webxml/qtquick-effects-sprites.webxml
qtquick/webxml/qtquick-effects-topic.webxml
qtquick/webxml/qtquick-effects-transformations.webxml
qtquick/webxml/qtquick-input-focus.webxml
qtquick/webxml/qtquick-input-mouseevents.webxml
qtquick/webxml/qtquick-input-textinput.webxml
qtquick/webxml/qtquick-input-topic.webxml
qtquick/webxml/qtquicklayouts-overview.webxml
qtquick/webxml/qtquick-modelviewsdata-cppmodels.webxml
qtquick/webxml/qtquick-modelviewsdata-modelview.webxml
qtquick/webxml/qtquick-modelviewsdata-topic.webxml
qtquick/webxml/qtquick-particles-performance.webxml
qtquick/webxml/qtquick-positioning-anchors.webxml
qtquick/webxml/qtquick-positioning-layouts.webxml
qtquick/webxml/qtquick-positioning-righttoleft.webxml
qtquick/webxml/qtquick-positioning-topic.webxml
qtquick/webxml/qtquick-scenegraph-materials.webxml
qtquick/webxml/qtquick-scenegraph-nodes.webxml
qtquick/webxml/qtquick-statesanimations-animations.webxml
qtquick/webxml/qtquick-statesanimations-behaviors.webxml
qtquick/webxml/qtquick-statesanimations-states.webxml
qtquick/webxml/qtquick-statesanimations-topic.webxml
qtquick/webxml/qtquick-tools-and-utilities.webxml
qtquick/webxml/qtquick-visualcanvas-adaptations-openvg.webxml
qtquick/webxml/qtquick-visualcanvas-adaptations-software.webxml
qtquick/webxml/qtquick-visualcanvas-adaptations.webxml
qtquick/webxml/qtquick-visualcanvas-coordinates.webxml
qtquick/webxml/qtquick-visualcanvas-scenegraph-renderer.webxml
qtquick/webxml/qtquick-visualcanvas-scenegraph.webxml
qtquick/webxml/qtquick-visualcanvas-topic.webxml
qtquick/webxml/qtquick-visualcanvas-visualparent.webxml
qtquick/webxml/qtquick-visualtypes-topic.webxml
qtquick/webxml/quick-changes-qt6.webxml
qtremoteobjects/webxml/qtremoteobjects-cmake-qt-add-repc-merged.webxml
qtremoteobjects/webxml/qtremoteobjects-cmake-qt-add-repc-replicas.webxml
qtremoteobjects/webxml/qtremoteobjects-cmake-qt-add-repc-sources.webxml
qtremoteobjects/webxml/qtremoteobjects-cmake-qt-rep-from-headers.webxml
qtremoteobjects/webxml/qtremoteobjects-compatibility.webxml
qtremoteobjects/webxml/qtremoteobjects-custom-transport.webxml
qtremoteobjects/webxml/qtremoteobjects-external-schemas.webxml
qtremoteobjects/webxml/qtremoteobjects-gettingstarted.webxml
qtremoteobjects/webxml/qtremoteobjects-interaction.webxml
qtremoteobjects/webxml/qtremoteobjects-node.webxml
qtremoteobjects/webxml/qtremoteobjects-registry.webxml
qtremoteobjects/webxml/qtremoteobjects-repc.webxml
qtremoteobjects/webxml/qtremoteobjects-replica.webxml
qtremoteobjects/webxml/qtremoteobjects-source.webxml
qtremoteobjects/webxml/qtremoteobjects-troubleshooting.webxml
qtremoteobjects/webxml/remoteobjects-changes-qt6.webxml
qtscxml/webxml/qscxmlc.webxml
qtscxml/webxml/qtscxml-changes-qt6.webxml
qtscxml/webxml/qtscxml-cmake-qt-add-statecharts.webxml
qtscxml/webxml/qtscxml-instantiating-state-machines.webxml
qtscxml/webxml/qtscxml-overview.webxml
qtscxml/webxml/qtscxml-scxml-compliance.webxml
qtsensors/webxml/compatmap.webxml
qtsensors/webxml/creating-a-sensor-plugin.webxml
qtsensors/webxml/determining-the-default-sensor-for-a-type.webxml
qtsensors/webxml/dynamic-sensor-backend-registration.webxml
qtsensors/webxml/genericbackend.webxml
qtsensors/webxml/qoutputrange.webxml
qtsensors/webxml/qtsensors-changes-qt6.webxml
qtsensors/webxml/qtsensors-cpp.webxml
qtsensors/webxml/senorfwbackend.webxml
qtsensors/webxml/sensors-backend-topics.webxml
qtserialport/webxml/qtserialport-changes-qt6.webxml
qtsql/webxml/database.webxml
qtsql/webxml/qtsql-changes-qt6.webxml
qtsql/webxml/sql-connecting.webxml
qtsql/webxml/sql-driver.webxml
qtsql/webxml/sql-forms.webxml
qtsql/webxml/sql-model.webxml
qtsql/webxml/sql-presenting.webxml
qtsql/webxml/sql-programming.webxml
qtsql/webxml/sql-sqlstatements.webxml
qtsql/webxml/sql-types.webxml
qtsvg/webxml/qtsvg-changes-qt6.webxml
qtsvg/webxml/svgrendering.webxml
qttestlib/webxml/qtest-overview.webxml
qttestlib/webxml/qtest-tutorial.webxml
qttestlib/webxml/qttest-best-practices-qdoc.webxml
qttestlib/webxml/qttestlib-tutorial6.webxml
qttestlib/webxml/testlib-changes-qt6.webxml
qtwebchannel/webxml/qtwebchannel-changes-qt6.webxml
qtwebchannel/webxml/qtwebchannel-javascript.webxml
qtwebengine/webxml/qtwebengine-changes-qt6.webxml
qtwebengine/webxml/qtwebengine-features.webxml
qtwebengine/webxml/qtwebengine-overview.webxml
qtwebengine/webxml/qtwebengine-platform-notes.webxml
qtwebengine/webxml/qtwebenginewidgets-qtwebkitportingguide.webxml
qtwebengine/webxml/qwebenginecookiestore-filterrequest.webxml
qtwebsockets/webxml/echoclient.webxml
qtwebsockets/webxml/echoserver.webxml
qtwebsockets/webxml/qtwebsockets-changes-qt6.webxml
qtwebsockets/webxml/qtwebsockets-testing.webxml
qtwebsockets/webxml/websockets-overview.webxml
qtwidgets/webxml/application-windows.webxml
qtwidgets/webxml/dialogs.webxml
qtwidgets/webxml/focus.webxml
qtwidgets/webxml/gallery.webxml
qtwidgets/webxml/gestures-overview.webxml
qtwidgets/webxml/graphicsview.webxml
qtwidgets/webxml/layout.webxml
qtwidgets/webxml/mainwindow.webxml
qtwidgets/webxml/model-view-programming.webxml
qtwidgets/webxml/modelview.webxml
qtwidgets/webxml/qdrawutil-h.webxml
qtwidgets/webxml/qformlayout-takerowresult.webxml
qtwidgets/webxml/qtextedit-extraselection.webxml
qtwidgets/webxml/qtilerules.webxml
qtwidgets/webxml/qwidget-styling.webxml
qtwidgets/webxml/standard-dialogs.webxml
qtwidgets/webxml/style-reference.webxml
qtwidgets/webxml/stylesheet-customizing.webxml
qtwidgets/webxml/stylesheet-designer.webxml
qtwidgets/webxml/stylesheet-reference.webxml
qtwidgets/webxml/stylesheet-syntax.webxml
qtwidgets/webxml/stylesheet.webxml
qtwidgets/webxml/widget-classes.webxml
qtwidgets/webxml/widgets-changes-qt6.webxml
qtwidgets/webxml/widgets-tutorial.webxml
qtxml/webxml/xml-changes-qt6.webxml
qtxml/webxml/xml-dom-tml.webxml
qtxml/webxml/xml-namespaces.webxml
qtxml/webxml/xml-processing.webxml
qtxml/webxml/xml-streaming.webxml
qtxml/webxml/xml-tools.webxml
