# Copyright (C) 2022 The Qt Company Ltd.
# SPDX-License-Identifier: LicenseRef-Qt-Commercial OR LGPL-3.0-only OR GPL-2.0-only OR GPL-3.0-only

# see README.md
# A line enclosed in [] denotes a (relative) target directory

[overviews]
animation-overview.webxml
animation.webxml
application-windows.webxml
audiooverview.webxml
bindableproperties.webxml
cameraoverview.webxml
compatmap.webxml
concurrent-changes-qt6.webxml
containers.webxml
coordsys.webxml
creating-a-sensor-plugin.webxml
custom-types.webxml
database.webxml
datastreamformat.webxml
dbus-changes-qt6.webxml
determining-the-default-sensor-for-a-type.webxml
dialogs.webxml
dnd.webxml
dynamic-sensor-backend-registration.webxml
echoclient.webxml
echoserver.webxml
events.webxml
eventsandfilters.webxml
focus.webxml
gallery.webxml
genericbackend.webxml
gestures-overview.webxml
graphicsview.webxml
gui-changes-qt6.webxml
helpsystem.webxml
implicit-sharing.webxml
io-functions.webxml
io.webxml
java-style-iterators.webxml
json.webxml
layout.webxml
mainwindow.webxml
metaobjects.webxml
model-view-programming.webxml
modelview.webxml
multimediaoverview.webxml
network-changes-qt6.webxml
network.webxml
nfc-android.webxml
object.webxml
objecttrees.webxml
opengl-changes-qt6.webxml
painting-3d.webxml
painting.webxml
paintsystem-devices.webxml
paintsystem-drawing.webxml
paintsystem-images.webxml
paintsystem.webxml
plugins.webxml
position-plugin-geoclue2.webxml
position-plugin-gypsy.webxml
position-plugin-nmea.webxml
positioning-cpp-qml.webxml
printing.webxml
printsupport-changes-qt6.webxml
properties.webxml
qabstracteventdispatcher-timerinfo.webxml
qabstracttextdocumentlayout-paintcontext.webxml
qabstracttextdocumentlayout-selection.webxml
qaccessible-state.webxml
qadoptshareddatatag.webxml
qcborerror.webxml
qcborparsererror.webxml
qcborstreamreader-stringresult.webxml
qdbusdeclaringsignals.webxml
qdbusdeclaringslots.webxml
qdbustypesystem.webxml
qdbusviewer.webxml
qdbusxml2cpp.webxml
qdrawutil-h.webxml
qdtlsclientverifier-generatorparameters.webxml
qformlayout-takerowresult.webxml
qglobalstatic.webxml
qhashseed.webxml
qhelplink.webxml
qiconengine-scaledpixmapargument.webxml
qiterator.webxml
qjsonparseerror.webxml
qmediatimerange-interval.webxml
qml-advtutorial.webxml
qml-changes-qt6.webxml
qml-dynamicview-tutorial.webxml
qml-tutorial.webxml
qml-tutorial1.webxml
qml-tutorial2.webxml
qml-tutorial3.webxml
qmldiskcache.webxml
qmlreference.webxml
qndeffilter-record.webxml
qoutputrange.webxml
qpageranges-range.webxml
qprocess-createprocessarguments.webxml
qqmlcontext-propertypair.webxml
qquickitem-itemchangedata.webxml
qscxmlc.webxml
qsggeometry-attribute.webxml
qsggeometry-coloredpoint2d.webxml
qsggeometry-point2d.webxml
qsggeometry-texturedpoint2d.webxml
qsgmaterialshader-graphicspipelinestate.webxml
qsgmaterialtype.webxml
qstaticplugin.webxml
qt3d-changes-qt6.webxml
qt3d-cpp.webxml
qt3d-overview.webxml
qt3d-qml.webxml
qt3drender-framegraph.webxml
qt3drender-geometry.webxml
qt3drender-porting-to-rhi.webxml
qt3drender-protips.webxml
qtalgorithms.webxml
qtbluetooth-changes-qt6.webxml
qtbluetooth-le-overview.webxml
qtbluetooth-overview.webxml
qtcborcommon.webxml
qtcharts-changes-qt6.webxml
qtcharts-overview.webxml
qtconcurrentfilter.webxml
qtconcurrentmap.webxml
qtconcurrentrun.webxml
qtconcurrenttask.webxml
qtcore-changes-qt6.webxml
qtdbus-cmake-qt-add-dbus-adaptor.webxml
qtdbus-cmake-qt-add-dbus-interface.webxml
qtdbus-cmake-qt-add-dbus-interfaces.webxml
qtdbus-cmake-qt-generate-dbus-interface.webxml
qtdesigner-components.webxml
qtdesigner-manual.webxml
qtest-overview.webxml
qtest-tutorial.webxml
qtextedit-extraselection.webxml
qtextlayout-formatrange.webxml
qtextoption-tab.webxml
qtglobal.webxml
qthelp-framework.webxml
qthelpproject.webxml
qtilerules.webxml
qtimezone-offsetdata.webxml
qtjavascript.webxml
qtmath.webxml
qtmultimedia-apple.webxml
qtmultimedia-changes-qt6.webxml
qtnetwork-programming.webxml
qtnfc-changes-qt6.webxml
qtnfc-overview.webxml
qtplugin.webxml
qtpositioning-android.webxml
qtpositioning-changes-qt6.webxml
qtpositioning-ios.webxml
qtpositioning-plugins.webxml
qtqml-documents-definetypes.webxml
qtqml-documents-networktransparency.webxml
qtqml-documents-scope.webxml
qtqml-documents-structure.webxml
qtqml-documents-topic.webxml
qtqml-javascript-dynamicobjectcreation.webxml
qtqml-javascript-expressions.webxml
qtqml-javascript-finetuning.webxml
qtqml-javascript-functionlist.webxml
qtqml-javascript-hostenvironment.webxml
qtqml-javascript-imports.webxml
qtqml-javascript-qmlglobalobject.webxml
qtqml-javascript-resources.webxml
qtqml-javascript-topic.webxml
qtqml-syntax-basics.webxml
qtqml-syntax-directoryimports.webxml
qtqml-syntax-imports.webxml
qtqml-syntax-objectattributes.webxml
qtqml-syntax-propertybinding.webxml
qtqml-typesystem-basictypes.webxml
qtqml-typesystem-objecttypes.webxml
qtqml-typesystem-topic.webxml
qtquick-bestpractices.webxml
qtquick-codesamples.webxml
qtquick-convenience-topic.webxml
qtquick-cppextensionpoints.webxml
qtquick-effects-particles.webxml
qtquick-effects-sprites.webxml
qtquick-effects-topic.webxml
qtquick-effects-transformations.webxml
qtquick-input-focus.webxml
qtquick-input-mouseevents.webxml
qtquick-input-textinput.webxml
qtquick-input-topic.webxml
qtquick-modelviewsdata-cppmodels.webxml
qtquick-modelviewsdata-modelview.webxml
qtquick-modelviewsdata-topic.webxml
qtquick-particles-performance.webxml
qtquick-positioning-anchors.webxml
qtquick-positioning-layouts.webxml
qtquick-positioning-righttoleft.webxml
qtquick-positioning-topic.webxml
qtquick-scenegraph-materials.webxml
qtquick-scenegraph-nodes.webxml
qtquick-statesanimations-animations.webxml
qtquick-statesanimations-behaviors.webxml
qtquick-statesanimations-states.webxml
qtquick-statesanimations-topic.webxml
qtquick-tool-qmllint.webxml
qtquick-tools-and-utilities.webxml
qtquick-visualcanvas-adaptations-openvg.webxml
qtquick-visualcanvas-adaptations-software.webxml
qtquick-visualcanvas-adaptations.webxml
qtquick-visualcanvas-coordinates.webxml
qtquick-visualcanvas-scenegraph-renderer.webxml
qtquick-visualcanvas-scenegraph.webxml
qtquick-visualcanvas-topic.webxml
qtquick-visualcanvas-visualparent.webxml
qtquick-visualtypes-topic.webxml
qtquickcontrols-changes-qt6.webxml
qtquickcontrols-basic.webxml
qtquickcontrols-buttons.webxml
qtquickcontrols-configuration.webxml
qtquickcontrols-containers.webxml
qtquickcontrols-customize.webxml
qtquickcontrols-delegates.webxml
qtquickcontrols-deployment.webxml
qtquickcontrols-environment.webxml
qtquickcontrols-fileselectors.webxml
qtquickcontrols-focus.webxml
qtquickcontrols-fusion.webxml
qtquickcontrols-gettingstarted.webxml
qtquickcontrols-guidelines.webxml
qtquickcontrols-icons.webxml
qtquickcontrols-imagine.webxml
qtquickcontrols-indicators.webxml
qtquickcontrols-input.webxml
qtquickcontrols-macos.webxml
qtquickcontrols-material.webxml
qtquickcontrols-menus.webxml
qtquickcontrols-navigation.webxml
qtquickcontrols-popups.webxml
qtquickcontrols-separators.webxml
qtquickcontrols-styles.webxml
qtquickcontrols-universal.webxml
qtquickcontrols-windows.webxml
qtquicklayouts-overview.webxml
qtremoteobjects-cmake-qt-add-repc-merged.webxml
qtremoteobjects-cmake-qt-add-repc-replicas.webxml
qtremoteobjects-cmake-qt-add-repc-sources.webxml
qtremoteobjects-cmake-qt-rep-from-headers.webxml
qtremoteobjects-compatibility.webxml
qtremoteobjects-custom-transport.webxml
qtremoteobjects-external-schemas.webxml
qtremoteobjects-gettingstarted.webxml
qtremoteobjects-interaction.webxml
qtremoteobjects-node.webxml
qtremoteobjects-registry.webxml
qtremoteobjects-repc.webxml
qtremoteobjects-replica.webxml
qtremoteobjects-source.webxml
qtremoteobjects-troubleshooting.webxml
qtscxml-changes-qt6.webxml
qtscxml-cmake-qt-add-statecharts.webxml
qtscxml-instantiating-state-machines.webxml
qtscxml-overview.webxml
qtscxml-scxml-compliance.webxml
qtsensors-changes-qt6.webxml
qtsensors-cpp.webxml
qtserialport-changes-qt6.webxml
qtsql-changes-qt6.webxml
qtsvg-changes-qt6.webxml
qttest-best-practices-qdoc.webxml
qttestlib-tutorial6.webxml
qtwebchannel-changes-qt6.webxml
qtwebchannel-javascript.webxml
qtwebengine-changes-qt6.webxml
qtwebengine-features.webxml
qtwebengine-overview.webxml
qtwebengine-platform-notes.webxml
qtwebenginewidgets-qtwebkitportingguide.webxml
qtwebsockets-changes-qt6.webxml
qtwebsockets-testing.webxml
quick-changes-qt6.webxml
qwebenginecookiestore-filterrequest.webxml
qwidget-styling.webxml
remoteobjects-changes-qt6.webxml
resources.webxml
richtext-advanced-processing.webxml
richtext-common-tasks.webxml
richtext-cursor.webxml
richtext-html-subset.webxml
richtext-layouts.webxml
richtext-processing.webxml
richtext-structure.webxml
richtext.webxml
senorfwbackend.webxml
sensors-backend-topics.webxml
shared.webxml
signalsandslots.webxml
sql-connecting.webxml
sql-driver.webxml
sql-forms.webxml
sql-model.webxml
sql-presenting.webxml
sql-programming.webxml
sql-sqlstatements.webxml
sql-types.webxml
ssl.webxml
standard-dialogs.webxml
style-reference.webxml
stylesheet-customizing.webxml
stylesheet-designer.webxml
stylesheet-reference.webxml
stylesheet-syntax.webxml
stylesheet.webxml
svgrendering.webxml
testlib-changes-qt6.webxml
timers.webxml
usingadaptors.webxml
videooverview.webxml
websockets-overview.webxml
widget-classes.webxml
widgets-changes-qt6.webxml
widgets-tutorial.webxml
xml-changes-qt6.webxml
xml-dom-tml.webxml
xml-namespaces.webxml
xml-processing.webxml
xml-streaming.webxml
xml-tools.webxml
# qtdoc repository
accessible.webxml
appicon.webxml
create-your-first-applications.webxml
deployment.webxml
desktop-integration.webxml
exceptionsafety.webxml
explore-qt.webxml
get-and-install-qt.webxml
gettingstarted.webxml
highdpi.webxml
install-qt-design-studio.webxml
ipc.webxml
known-issues.webxml
overviews-main.webxml
plugins-howto.webxml
qml-codingconventions.webxml
qml-glossary.webxml
qmlapplications.webxml
qmlfirststeps.webxml
qt-intro.webxml
qtquick-debugging.webxml
qtquick-performance.webxml
qtquick-qml-runtime.webxml
qtquick-usecase-animations.webxml
qtquick-usecase-integratingjs.webxml
qtquick-usecase-layouts.webxml
qtquick-usecase-styling.webxml
qtquick-usecase-text.webxml
qtquick-usecase-userinput.webxml
qtquick-usecase-visual.webxml
qundo.webxml
rcc.webxml
restoring-geometry.webxml
scalability.webxml
session.webxml
sharedlibrary.webxml
solutions-for-application-development.webxml
solutions-for-ui-design.webxml
thread-basics.webxml
threads.webxml
tools-for-qt-quick-uis.webxml
tools-for-qt-widget-based-uis.webxml
topics-app-development.webxml
topics-data-io.webxml
topics-ui.webxml
uic.webxml
unicode.webxml
wayland-and-qt.webxml
