# Copyright (C) 2022 The Qt Company Ltd.
# SPDX-License-Identifier: LicenseRef-Qt-Commercial OR LGPL-3.0-only OR GPL-2.0-only OR GPL-3.0-only

# A line enclosed in [] denotes a (relative) target directory

[overviews]
qt3d/webxml/qt3d-cpp.webxml
qt3d/webxml/qt3d-overview.webxml
qt3d/webxml/qt3d-qml.webxml
qt3d/webxml/qt3drender-framegraph.webxml
qt3d/webxml/qt3drender-geometry.webxml
qt3d/webxml/qt3drender-porting-to-rhi.webxml
qt3d/webxml/qt3drender-protips.webxml
qtbluetooth/webxml/qtbluetooth-le-overview.webxml
qtbluetooth/webxml/qtbluetooth-overview.webxml
qtconcurrent/webxml/qtconcurrentfilter.webxml
qtconcurrent/webxml/qtconcurrentmap.webxml
qtconcurrent/webxml/qtconcurrentrun.webxml
qtconcurrent/webxml/qtconcurrenttask.webxml
qtcore/webxml/animation-overview.webxml
qtcore/webxml/bindableproperties.webxml
qtcore/webxml/cbor.webxml
qtcore/webxml/custom-types.webxml
qtcore/webxml/datastreamformat.webxml
qtcore/webxml/eventsandfilters.webxml
qtcore/webxml/implicit-sharing.webxml
qtcore/webxml/io-functions.webxml
qtcore/webxml/ipc.webxml
qtcore/webxml/java-style-iterators.webxml
qtcore/webxml/json.webxml
qtcore/webxml/metaobjects.webxml
qtcore/webxml/native-ipc-keys.webxml
qtcore/webxml/object.webxml
qtcore/webxml/objecttrees.webxml
qtcore/webxml/permissions.webxml
qtcore/webxml/properties.webxml
qtcore/webxml/qt-add-android-permission.webxml
qtcore/webxml/qtcborcommon.webxml
qtcore/webxml/qtdarwinhelpers.webxml
qtcore/webxml/qtdeprecationmarkers.webxml
qtcore/webxml/qtenvironmentvariables.webxml
qtcore/webxml/qtglobal.webxml
qtcore/webxml/qtlogging.webxml
qtcore/webxml/qtmath.webxml
qtcore/webxml/qtplugin.webxml
qtcore/webxml/qtresource.webxml
qtcore/webxml/qtserialization.webxml
qtcore/webxml/qtsystemdetection.webxml
qtcore/webxml/qttranslation.webxml
qtcore/webxml/qtversion.webxml
qtcore/webxml/qtversionchecks.webxml
qtcore/webxml/qtypeinfo.webxml
qtcore/webxml/resources.webxml
qtcore/webxml/shared-memory.webxml
qtcore/webxml/signalsandslots.webxml
qtcore/webxml/timers.webxml
qtdbus/webxml/qdbusdeclaringsignals.webxml
qtdbus/webxml/qdbusdeclaringslots.webxml
qtdbus/webxml/qdbustypesystem.webxml
qtdbus/webxml/qdbusviewer.webxml
qtdbus/webxml/qdbusxml2cpp.webxml
qtdbus/webxml/qtdbus-overview.webxml
qtdbus/webxml/usingadaptors.webxml
qtdoc/webxml/accessible-qwidget.webxml
qtdoc/webxml/accessible.webxml
qtdoc/webxml/annotated.webxml
qtdoc/webxml/appicon.webxml
qtdoc/webxml/bughowto.webxml
qtdoc/webxml/classes.webxml
qtdoc/webxml/classesandfunctions.webxml
qtdoc/webxml/desktop-integration.webxml
qtdoc/webxml/embedded-linux.webxml
qtdoc/webxml/explore-qt.webxml
qtdoc/webxml/exportcontrols.webxml
qtdoc/webxml/fdl.webxml
qtdoc/webxml/functions.webxml
qtdoc/webxml/get-and-install-qt-cli.webxml
qtdoc/webxml/get-and-install-qt.webxml
qtdoc/webxml/getting-sources-from-git.webxml
qtdoc/webxml/gettingstarted.webxml
qtdoc/webxml/gpl.webxml
qtdoc/webxml/highdpi.webxml
qtdoc/webxml/i18n-plural-rules.webxml
qtdoc/webxml/i18n-source-translation.webxml
qtdoc/webxml/index.webxml
qtdoc/webxml/inputs-linux-device.webxml
qtdoc/webxml/ipc-overview.webxml
qtdoc/webxml/known-issues.webxml
qtdoc/webxml/lgpl.webxml
qtdoc/webxml/linux-issues.webxml
qtdoc/webxml/linux-requirements.webxml
qtdoc/webxml/linux.webxml
qtdoc/webxml/localization.webxml
qtdoc/webxml/macos-issues.webxml
qtdoc/webxml/macos.webxml
qtdoc/webxml/mobiledevelopment.webxml
qtdoc/webxml/modulechanges.webxml
qtdoc/webxml/modules-cpp.webxml
qtdoc/webxml/modules-qml.webxml
qtdoc/webxml/namespaces.webxml
qtdoc/webxml/overviews-main.webxml
qtdoc/webxml/overviews.webxml
qtdoc/webxml/porting-qt3d-to-qtquick3d.webxml
qtdoc/webxml/porting-to-android.webxml
qtdoc/webxml/portingguide.webxml
qtdoc/webxml/qmltypes.webxml
qtdoc/webxml/qmlvaluetypes.webxml
qtdoc/webxml/qt-additional-modules.webxml
qtdoc/webxml/qt-edu-for-designers.webxml
qtdoc/webxml/qt-edu-for-developers.webxml
qtdoc/webxml/qt-edu-mcu.webxml
qtdoc/webxml/qt-edu-raspberry-pi.webxml
qtdoc/webxml/qt-edu-resources.webxml
qtdoc/webxml/qt-embedded-fonts.webxml
qtdoc/webxml/qt-embedded-kmap2qmap.webxml
qtdoc/webxml/qt-for-education.webxml
qtdoc/webxml/qt-intro.webxml
qtdoc/webxml/qt-online-installation.webxml
qtdoc/webxml/qt-releases.webxml
qtdoc/webxml/qt-tools-utilities.webxml
qtdoc/webxml/qtlanguages.webxml
qtdoc/webxml/qtmodules.webxml
qtdoc/webxml/qundo.webxml
qtdoc/webxml/rcc.webxml
qtdoc/webxml/reference-overview.webxml
qtdoc/webxml/restoring-geometry.webxml
qtdoc/webxml/scalability.webxml
qtdoc/webxml/security.webxml
qtdoc/webxml/session.webxml
qtdoc/webxml/sharedlibrary.webxml
qtdoc/webxml/signalsandslots-syntaxes.webxml
qtdoc/webxml/solutions-for-application-development.webxml
qtdoc/webxml/supported-platforms.webxml
qtdoc/webxml/testing-and-debugging.webxml
qtdoc/webxml/threads-modules.webxml
qtdoc/webxml/threads-qobject.webxml
qtdoc/webxml/threads-reentrancy.webxml
qtdoc/webxml/threads-synchronizing.webxml
qtdoc/webxml/threads-technologies.webxml
qtdoc/webxml/threads.webxml
qtdoc/webxml/tools-for-qt-quick-uis.webxml
qtdoc/webxml/topics-app-development.webxml
qtdoc/webxml/topics-core.webxml
qtdoc/webxml/topics-data-io.webxml
qtdoc/webxml/topics-graphics.webxml
qtdoc/webxml/topics-graphics2d.webxml
qtdoc/webxml/topics-network-connectivity.webxml
qtdoc/webxml/topics-ui.webxml
qtdoc/webxml/topics-vectorimageformats.webxml
qtdoc/webxml/trademarks.webxml
qtdoc/webxml/uic.webxml
qtdoc/webxml/unicode.webxml
qtdoc/webxml/wayland-and-qt.webxml
qtdoc/webxml/wayland-requirements.webxml
qtdoc/webxml/windows-graphics.webxml
qtdoc/webxml/windows-issues.webxml
qtdoc/webxml/windows.webxml
qtdoc/webxml/xml-processing.webxml
qtgraphs/webxml/qtgraphs-and-qtquick3d-integration-guide.webxml
qtgraphs/webxml/qtgraphs-configure-options.webxml
qtgraphs/webxml/qtgraphs-data-handling.webxml
qtgraphs/webxml/qtgraphs-interacting-with-data.webxml
qtgraphs/webxml/qtgraphs-known-issues.webxml
qtgraphs/webxml/qtgraphs-migration-guide-2d.webxml
qtgraphs/webxml/qtgraphs-migration-guide.webxml
qtgraphs/webxml/qtgraphs-overview-2d.webxml
qtgraphs/webxml/qtgraphs-overview-3d.webxml
qtgraphs/webxml/qtgraphs-overview-theme.webxml
qtgui/webxml/coordsys.webxml
qtgui/webxml/dnd.webxml
qtgui/webxml/paintsystem-devices.webxml
qtgui/webxml/paintsystem-drawing.webxml
qtgui/webxml/paintsystem-images.webxml
qtgui/webxml/paintsystem.webxml
qtgui/webxml/qtgui-overview.webxml
qtgui/webxml/richtext-advanced-processing.webxml
qtgui/webxml/richtext-common-tasks.webxml
qtgui/webxml/richtext-cursor.webxml
qtgui/webxml/richtext-html-subset.webxml
qtgui/webxml/richtext-layouts.webxml
qtgui/webxml/richtext-structure.webxml
qtgui/webxml/richtext.webxml
qthelp/webxml/qthelp-framework.webxml
qthelp/webxml/qthelpproject.webxml
qthttpserver/webxml/qthttpserver-logging.webxml
qtlocation/webxml/location-maps-cpp.webxml
qtlocation/webxml/location-maps-qml.webxml
qtlocation/webxml/location-places-backend.webxml
qtlocation/webxml/location-plugin-itemsoverlay.webxml
qtlocation/webxml/location-plugin-osm.webxml
qtlocation/webxml/qml-location5-maps.webxml
qtlocation/webxml/qtlocation-cpp.webxml
qtlocation/webxml/qtlocation-geoservices.webxml
qtmultimedia/webxml/advanced-ffmpeg-configuration.webxml
qtmultimedia/webxml/audiooverview.webxml
qtmultimedia/webxml/cameraoverview.webxml
qtmultimedia/webxml/multimediaoverview.webxml
qtmultimedia/webxml/qt-add-ios-ffmpeg-libraries.webxml
qtmultimedia/webxml/qtmultimedia-apple.webxml
qtmultimedia/webxml/qtmultimedia-ffmpeg-stubs.webxml
qtmultimedia/webxml/qtmultimedia-gstreamer.webxml
qtmultimedia/webxml/qtmultimedia-linux.webxml
qtmultimedia/webxml/qtmultimedia-modules.webxml
qtmultimedia/webxml/qtmultimedia-wasm.webxml
qtmultimedia/webxml/qtmultimedia-windows.webxml
qtmultimedia/webxml/videooverview.webxml
qtnetwork/webxml/qtnetwork-programming.webxml
qtnetwork/webxml/ssl.webxml
qtnetworkauth/webxml/oauth-http-method-alternatives.webxml
qtnetworkauth/webxml/qt-oauth2-browsersupport.webxml
qtnetworkauth/webxml/qt-oauth2-overview.webxml
qtnetworkauth/webxml/qtnetworkauth-security.webxml
qtnfc/webxml/nfc-android.webxml
qtnfc/webxml/qtnfc-features.webxml
qtnfc/webxml/qtnfc-overview.webxml
qtnfc/webxml/qtnfc-pcsc.webxml
qtpdf/webxml/qtpdf-platformnotes.webxml
qtpositioning/webxml/location-positioning-qml.webxml
qtpositioning/webxml/position-plugin-android.webxml
qtpositioning/webxml/position-plugin-geoclue2.webxml
qtpositioning/webxml/position-plugin-gypsy.webxml
qtpositioning/webxml/position-plugin-nmea.webxml
qtpositioning/webxml/positioning-cpp-qml.webxml
qtpositioning/webxml/qtpositioning-android.webxml
qtpositioning/webxml/qtpositioning-ios.webxml
qtpositioning/webxml/qtpositioning-plugins.webxml
qtprintsupport/webxml/pdf-licensing.webxml
qtqml/webxml/qml-singleton.webxml
qtqml/webxml/qmldiskcache.webxml
qtqml/webxml/qmllint-warnings-and-errors-access-singleton-via-object.webxml
qtqml/webxml/qmllint-warnings-and-errors-alias-cycle.webxml
qtqml/webxml/qmllint-warnings-and-errors-assignment-in-condition.webxml
qtqml/webxml/qmllint-warnings-and-errors-attached-property-reuse.webxml
qtqml/webxml/qmllint-warnings-and-errors-comma.webxml
qtqml/webxml/qmllint-warnings-and-errors-confusing-minuses.webxml
qtqml/webxml/qmllint-warnings-and-errors-confusing-pluses.webxml
qtqml/webxml/qmllint-warnings-and-errors-deprecated.webxml
qtqml/webxml/qmllint-warnings-and-errors-duplicate-enum-entries.webxml
qtqml/webxml/qmllint-warnings-and-errors-duplicate-import.webxml
qtqml/webxml/qmllint-warnings-and-errors-duplicate-inline-components.webxml
qtqml/webxml/qmllint-warnings-and-errors-duplicate-property-binding.webxml
qtqml/webxml/qmllint-warnings-and-errors-duplicated-name.webxml
qtqml/webxml/qmllint-warnings-and-errors-enum-entry-matches-enum.webxml
qtqml/webxml/qmllint-warnings-and-errors-import.webxml
qtqml/webxml/qmllint-warnings-and-errors-incompatible-type.webxml
qtqml/webxml/qmllint-warnings-and-errors-inheritance-cycle.webxml
qtqml/webxml/qmllint-warnings-and-errors-invalid-lint-directive.webxml
qtqml/webxml/qmllint-warnings-and-errors-literal-constructor.webxml
qtqml/webxml/qmllint-warnings-and-errors-missing-enum-entry.webxml
qtqml/webxml/qmllint-warnings-and-errors-missing-property.webxml
qtqml/webxml/qmllint-warnings-and-errors-missing-type.webxml
qtqml/webxml/qmllint-warnings-and-errors-multiline-strings.webxml
qtqml/webxml/qmllint-warnings-and-errors-non-list-property.webxml
qtqml/webxml/qmllint-warnings-and-errors-non-root-enum.webxml
qtqml/webxml/qmllint-warnings-and-errors-quick-attached-property-type.webxml
qtqml/webxml/qmllint-warnings-and-errors-read-only-property.webxml
qtqml/webxml/qmllint-warnings-and-errors-recursion-depth-errors.webxml
qtqml/webxml/qmllint-warnings-and-errors-redundant-optional-chaining.webxml
qtqml/webxml/qmllint-warnings-and-errors-required.webxml
qtqml/webxml/qmllint-warnings-and-errors-restricted-type.webxml
qtqml/webxml/qmllint-warnings-and-errors-signal-handler-parameters.webxml
qtqml/webxml/qmllint-warnings-and-errors-syntax-duplicate-ids.webxml
qtqml/webxml/qmllint-warnings-and-errors-syntax-id-quotation.webxml
qtqml/webxml/qmllint-warnings-and-errors-syntax.webxml
qtqml/webxml/qmllint-warnings-and-errors-top-level-component.webxml
qtqml/webxml/qmllint-warnings-and-errors-uncreatable-type.webxml
qtqml/webxml/qmllint-warnings-and-errors-unqualified.webxml
qtqml/webxml/qmllint-warnings-and-errors-unresolved-alias.webxml
qtqml/webxml/qmllint-warnings-and-errors-unresolved-type.webxml
qtqml/webxml/qmllint-warnings-and-errors-unterminated-case.webxml
qtqml/webxml/qmllint-warnings-and-errors-unused-imports.webxml
qtqml/webxml/qmllint-warnings-and-errors-use-proper-function.webxml
qtqml/webxml/qmllint-warnings-and-errors-var-used-before-declaration.webxml
qtqml/webxml/qmllint-warnings-and-errors-void.webxml
qtqml/webxml/qmllint-warnings-and-errors-with.webxml
qtqml/webxml/qmlreference.webxml
qtqml/webxml/qqml-h.webxml
qtqml/webxml/qqmlintegration-h.webxml
qtqml/webxml/qt-add-qml-plugin.webxml
qtqml/webxml/qt-import-qml-plugins.webxml
qtqml/webxml/qt-target-qml-sources.webxml
qtqml/webxml/qt6-modernize-qml-modules.webxml
qtqml/webxml/qtjavascript.webxml
qtqml/webxml/qtqml-cppclasses-topic.webxml
qtqml/webxml/qtqml-documents-definetypes.webxml
qtqml/webxml/qtqml-documents-networktransparency.webxml
qtqml/webxml/qtqml-documents-scope.webxml
qtqml/webxml/qtqml-documents-structure.webxml
qtqml/webxml/qtqml-documents-topic.webxml
qtqml/webxml/qtqml-javascript-dynamicobjectcreation.webxml
qtqml/webxml/qtqml-javascript-expressions.webxml
qtqml/webxml/qtqml-javascript-finetuning.webxml
qtqml/webxml/qtqml-javascript-functionlist.webxml
qtqml/webxml/qtqml-javascript-hostenvironment.webxml
qtqml/webxml/qtqml-javascript-imports.webxml
qtqml/webxml/qtqml-javascript-memory.webxml
qtqml/webxml/qtqml-javascript-qmlglobalobject.webxml
qtqml/webxml/qtqml-javascript-resources.webxml
qtqml/webxml/qtqml-javascript-topic.webxml
qtqml/webxml/qtqml-modules-identifiedmodules.webxml
qtqml/webxml/qtqml-modules-legacymodules.webxml
qtqml/webxml/qtqml-modules-qmldir.webxml
qtqml/webxml/qtqml-modules-topic.webxml
qtqml/webxml/qtqml-syntax-basics.webxml
qtqml/webxml/qtqml-syntax-directoryimports.webxml
qtqml/webxml/qtqml-syntax-imports.webxml
qtqml/webxml/qtqml-syntax-objectattributes.webxml
qtqml/webxml/qtqml-syntax-propertybinding.webxml
qtqml/webxml/qtqml-syntax-signals.webxml
qtqml/webxml/qtqml-tool-qmlcachegen.webxml
qtqml/webxml/qtqml-tooling-qml.webxml
qtqml/webxml/qtqml-tooling-qmlformat.webxml
qtqml/webxml/qtqml-tooling-qmlimportscanner.webxml
qtqml/webxml/qtqml-tooling-qmllint.webxml
qtqml/webxml/qtqml-tooling-qmlls.webxml
qtqml/webxml/qtqml-tooling-qmlpreview.webxml
qtqml/webxml/qtqml-tooling-qmlprofiler.webxml
qtqml/webxml/qtqml-tooling-qmltyperegistrar.webxml
qtqml/webxml/qtqml-tooling-svgtoqml.webxml
qtqml/webxml/qtqml-typesystem-basictypes.webxml
qtqml/webxml/qtqml-typesystem-enumerations.webxml
qtqml/webxml/qtqml-typesystem-namespaces.webxml
qtqml/webxml/qtqml-typesystem-objecttypes.webxml
qtqml/webxml/qtqml-typesystem-references.webxml
qtqml/webxml/qtqml-typesystem-sequencetypes.webxml
qtqml/webxml/qtqml-typesystem-topic.webxml
qtqml/webxml/qtqml-typesystem-valuetypes.webxml
qtqml/webxml/qtquick-debugging.webxml
qtqml/webxml/qtquick-qml-runtime.webxml
qtquick/webxml/qml-advtutorial.webxml
qtquick/webxml/qml-codingconventions.webxml
qtquick/webxml/qml-dynamicview-tutorial.webxml
qtquick/webxml/qml-glossary.webxml
qtquick/webxml/qml-tutorial.webxml
qtquick/webxml/qml-tutorial1.webxml
qtquick/webxml/qml-tutorial2.webxml
qtquick/webxml/qml-tutorial3.webxml
qtquick/webxml/qmlapplications.webxml
qtquick/webxml/qmlfirststeps.webxml
qtquick/webxml/qtquick-android-classes.webxml
qtquick/webxml/qtquick-bestpractices.webxml
qtquick/webxml/qtquick-codesamples.webxml
qtquick/webxml/qtquick-convenience-topic.webxml
qtquick/webxml/qtquick-cppextensionpoints.webxml
qtquick/webxml/qtquick-effects-particles.webxml
qtquick/webxml/qtquick-effects-sprites.webxml
qtquick/webxml/qtquick-effects-topic.webxml
qtquick/webxml/qtquick-effects-transformations.webxml
qtquick/webxml/qtquick-for-android-fragments.webxml
qtquick/webxml/qtquick-for-android.webxml
qtquick/webxml/qtquick-how-tos.webxml
qtquick/webxml/qtquick-input-focus.webxml
qtquick/webxml/qtquick-input-mouseevents.webxml
qtquick/webxml/qtquick-input-textinput.webxml
qtquick/webxml/qtquick-input-topic.webxml
qtquick/webxml/qtquick-modelviewsdata-cppmodels.webxml
qtquick/webxml/qtquick-modelviewsdata-modelview.webxml
qtquick/webxml/qtquick-modelviewsdata-sqlmodels.webxml
qtquick/webxml/qtquick-modelviewsdata-topic.webxml
qtquick/webxml/qtquick-particles-performance.webxml
qtquick/webxml/qtquick-performance.webxml
qtquick/webxml/qtquick-positioning-anchors.webxml
qtquick/webxml/qtquick-positioning-layouts.webxml
qtquick/webxml/qtquick-positioning-righttoleft.webxml
qtquick/webxml/qtquick-positioning-topic.webxml
qtquick/webxml/qtquick-statesanimations-animations.webxml
qtquick/webxml/qtquick-statesanimations-behaviors.webxml
qtquick/webxml/qtquick-statesanimations-states.webxml
qtquick/webxml/qtquick-statesanimations-topic.webxml
qtquick/webxml/qtquick-tools-and-utilities.webxml
qtquick/webxml/qtquick-usecase-animations.webxml
qtquick/webxml/qtquick-usecase-integratingjs.webxml
qtquick/webxml/qtquick-usecase-layouts.webxml
qtquick/webxml/qtquick-usecase-text.webxml
qtquick/webxml/qtquick-usecase-userinput.webxml
qtquick/webxml/qtquick-usecase-visual.webxml
qtquick/webxml/qtquick-visualcanvas-adaptations-openvg.webxml
qtquick/webxml/qtquick-visualcanvas-adaptations-software.webxml
qtquick/webxml/qtquick-visualcanvas-adaptations.webxml
qtquick/webxml/qtquick-visualcanvas-coordinates.webxml
qtquick/webxml/qtquick-visualcanvas-scenegraph-renderer.webxml
qtquick/webxml/qtquick-visualcanvas-scenegraph.webxml
qtquick/webxml/qtquick-visualcanvas-topic.webxml
qtquick/webxml/qtquick-visualcanvas-visualparent.webxml
qtquick/webxml/qtquick-visualtypes-topic.webxml
qtquick/webxml/qtquicklayouts-overview.webxml
qtquick/webxml/qtquicklayouts-responsive.webxml
qtquick/webxml/scalability.webxml
qtquick3d/webxml/qt-add-lightprobe-images.webxml
qtquick3d/webxml/qt-add-materials.webxml
qtquick3d/webxml/qt-quick-3d-xr.webxml
qtquick3d/webxml/qt3dxr-multiview.webxml
qtquick3d/webxml/qt3dxr-pcvr.webxml
qtquick3d/webxml/qt3dxr-quest-quick-start.webxml
qtquick3d/webxml/qt3dxr-quick-start-guide-applevisionpro.webxml
qtquick3d/webxml/qt3dxr-supported-openxr-extensions.webxml
qtquick3d/webxml/qt3dxr-supported-platforms.webxml
qtquick3d/webxml/qtquick3d-2d.webxml
qtquick3d/webxml/qtquick3d-architecture.webxml
qtquick3d/webxml/qtquick3d-custom.webxml
qtquick3d/webxml/qtquick3d-lod.webxml
qtquick3d/webxml/qtquick3d-requirements.webxml
qtquick3d/webxml/qtquick3d-tool-balsam.webxml
qtquick3d/webxml/qtquick3d-tool-instancer.webxml
qtquick3d/webxml/qtquick3d-tool-materialeditor.webxml
qtquick3d/webxml/qtquick3d-tool-shadergen.webxml
qtquick3d/webxml/qtxr-locomotion.webxml
qtquick3d/webxml/quick3d-asset-conditioning-3d-assets.webxml
qtquick3d/webxml/quick3d-asset-conditioning-anti-aliasing.webxml
qtquick3d/webxml/quick3d-asset-conditioning-export-blender.webxml
qtquick3d/webxml/quick3d-asset-conditioning-export-max.webxml
qtquick3d/webxml/quick3d-asset-conditioning-export-maya.webxml
qtquick3d/webxml/quick3d-asset-conditioning-export-modo.webxml
qtquick3d/webxml/quick3d-asset-conditioning-ibl.webxml
qtquick3d/webxml/quick3d-asset-intro.webxml
qtquick3d/webxml/quick3d-instancing.webxml
qtquick3d/webxml/quick3d-lightmap.webxml
qtquick3d/webxml/quick3d-morphing.webxml
qtquick3d/webxml/quick3d-pbr.webxml
qtquick3d/webxml/quick3d-shadow-mapping.webxml
qtquick3d/webxml/quick3d-vertex-skinning.webxml
qtquickcontrols/webxml/qtquickcontrols-basic.webxml
qtquickcontrols/webxml/qtquickcontrols-buttons.webxml
qtquickcontrols/webxml/qtquickcontrols-configuration.webxml
qtquickcontrols/webxml/qtquickcontrols-containers.webxml
qtquickcontrols/webxml/qtquickcontrols-customize.webxml
qtquickcontrols/webxml/qtquickcontrols-delegates.webxml
qtquickcontrols/webxml/qtquickcontrols-deployment.webxml
qtquickcontrols/webxml/qtquickcontrols-environment.webxml
qtquickcontrols/webxml/qtquickcontrols-fileselectors.webxml
qtquickcontrols/webxml/qtquickcontrols-fluentwinui3.webxml
qtquickcontrols/webxml/qtquickcontrols-focus.webxml
qtquickcontrols/webxml/qtquickcontrols-fusion.webxml
qtquickcontrols/webxml/qtquickcontrols-gettingstarted.webxml
qtquickcontrols/webxml/qtquickcontrols-guidelines.webxml
qtquickcontrols/webxml/qtquickcontrols-icons.webxml
qtquickcontrols/webxml/qtquickcontrols-imagine.webxml
qtquickcontrols/webxml/qtquickcontrols-indicators.webxml
qtquickcontrols/webxml/qtquickcontrols-input.webxml
qtquickcontrols/webxml/qtquickcontrols-ios.webxml
qtquickcontrols/webxml/qtquickcontrols-macos.webxml
qtquickcontrols/webxml/qtquickcontrols-material.webxml
qtquickcontrols/webxml/qtquickcontrols-menus.webxml
qtquickcontrols/webxml/qtquickcontrols-navigation.webxml
qtquickcontrols/webxml/qtquickcontrols-popups.webxml
qtquickcontrols/webxml/qtquickcontrols-separators.webxml
qtquickcontrols/webxml/qtquickcontrols-styles.webxml
qtquickcontrols/webxml/qtquickcontrols-universal.webxml
qtquickcontrols/webxml/qtquickcontrols-versioning.webxml
qtquickcontrols/webxml/qtquickcontrols-windows.webxml
qtremoteobjects/webxml/qtremoteobjects-compatibility.webxml
qtremoteobjects/webxml/qtremoteobjects-custom-transport.webxml
qtremoteobjects/webxml/qtremoteobjects-external-schemas.webxml
qtremoteobjects/webxml/qtremoteobjects-gettingstarted.webxml
qtremoteobjects/webxml/qtremoteobjects-interaction.webxml
qtremoteobjects/webxml/qtremoteobjects-node.webxml
qtremoteobjects/webxml/qtremoteobjects-registry.webxml
qtremoteobjects/webxml/qtremoteobjects-repc.webxml
qtremoteobjects/webxml/qtremoteobjects-replica.webxml
qtremoteobjects/webxml/qtremoteobjects-source.webxml
qtremoteobjects/webxml/qtremoteobjects-troubleshooting.webxml
qtscxml/webxml/qscxmlc.webxml
qtscxml/webxml/qtscxml-instantiating-state-machines.webxml
qtscxml/webxml/qtscxml-overview.webxml
qtscxml/webxml/qtscxml-scxml-compliance.webxml
qtsensors/webxml/compatmap.webxml
qtsensors/webxml/creating-a-sensor-plugin.webxml
qtsensors/webxml/determining-the-default-sensor-for-a-type.webxml
qtsensors/webxml/dynamic-sensor-backend-registration.webxml
qtsensors/webxml/genericbackend.webxml
qtsensors/webxml/qtsensors-cpp.webxml
qtsensors/webxml/qtsensors-tutorial.webxml
qtsensors/webxml/senorfwbackend.webxml
qtsensors/webxml/sensors-backend-topics.webxml
qtserialbus/webxml/qtcanbus-backends.webxml
qtserialbus/webxml/qtmodbus-backends.webxml
qtserialbus/webxml/qtserialbus-passthrucan-overview.webxml
qtserialbus/webxml/qtserialbus-peakcan-overview.webxml
qtserialbus/webxml/qtserialbus-socketcan-overview.webxml
qtserialbus/webxml/qtserialbus-systeccan-overview.webxml
qtserialbus/webxml/qtserialbus-tinycan-overview.webxml
qtserialbus/webxml/qtserialbus-vectorcan-overview.webxml
qtserialbus/webxml/qtserialbus-virtualcan-overview.webxml
qtspatialaudio/webxml/qtspatialaudio-modules.webxml
qtspatialaudio/webxml/spatialaudiooverview.webxml
qtsql/webxml/sql-connecting.webxml
qtsql/webxml/sql-driver.webxml
qtsql/webxml/sql-forms.webxml
qtsql/webxml/sql-model.webxml
qtsql/webxml/sql-presenting.webxml
qtsql/webxml/sql-programming.webxml
qtsql/webxml/sql-sqlstatements.webxml
qtsql/webxml/sql-types.webxml
qtstatemachine/webxml/qmlstatemachine-qml-guide.webxml
qtstatemachine/webxml/qtstatemachine-cpp-guide.webxml
qtstatemachine/webxml/qtstatemachine-overview.webxml
qtsvg/webxml/svgextensions.webxml
qtsvg/webxml/svgrendering.webxml
qttestlib/webxml/qtest-overview.webxml
qttestlib/webxml/qtest-tutorial.webxml
qttestlib/webxml/qttest-best-practices-qdoc.webxml
qttestlib/webxml/qttestlib-tutorial6.webxml
qttexttospeech/webxml/qttexttospeech-engines.webxml
qtwebchannel/webxml/qtwebchannel-javascript.webxml
qtwebengine/webxml/qt-add-webengine-dictionary.webxml
qtwebengine/webxml/qtwebengine-debugging.webxml
qtwebengine/webxml/qtwebengine-features.webxml
qtwebengine/webxml/qtwebengine-licensing.webxml
qtwebengine/webxml/qtwebengine-modules.webxml
qtwebengine/webxml/qtwebengine-overview.webxml
qtwebengine/webxml/qtwebengine-security.webxml
qtwebengine/webxml/qtwebenginecoreglobal-h.webxml
qtwebengine/webxml/qtwebenginewidgets-qtwebkitportingguide.webxml
qtwebsockets/webxml/echoclient.webxml
qtwebsockets/webxml/echoserver.webxml
qtwebsockets/webxml/qtwebsockets-testing.webxml
qtwebsockets/webxml/websockets-overview.webxml
qtwidgets/webxml/application-windows.webxml
qtwidgets/webxml/dialogs.webxml
qtwidgets/webxml/focus.webxml
qtwidgets/webxml/gallery.webxml
qtwidgets/webxml/gestures-overview.webxml
qtwidgets/webxml/graphicsview.webxml
qtwidgets/webxml/layout.webxml
qtwidgets/webxml/mainwindow.webxml
qtwidgets/webxml/model-view-programming.webxml
qtwidgets/webxml/modelview.webxml
qtwidgets/webxml/qdrawutil-h.webxml
qtwidgets/webxml/qt-add-ui.webxml
qtwidgets/webxml/qt-wrap-ui.webxml
qtwidgets/webxml/qwidget-styling.webxml
qtwidgets/webxml/style-reference.webxml
qtwidgets/webxml/stylesheet-customizing.webxml
qtwidgets/webxml/stylesheet-designer.webxml
qtwidgets/webxml/stylesheet-reference.webxml
qtwidgets/webxml/stylesheet-syntax.webxml
qtwidgets/webxml/stylesheet.webxml
qtwidgets/webxml/widget-classes.webxml
qtwidgets/webxml/widget-tutorials.webxml
qtwidgets/webxml/widgets-getting-started.webxml
qtwidgets/webxml/widgets-tutorial.webxml
qtxml/webxml/xml-dom.webxml
qtxml/webxml/xml-namespaces.webxml
qtxml/webxml/xml-processing.webxml
qtxml/webxml/xml-streaming.webxml

# WebXML <group> files (lists of classes grouped by function/curated)
[groups]
qtcore/webxml/animation.webxml
qtcore/webxml/events.webxml
qtcore/webxml/io.webxml
qtgui/webxml/painting.webxml
qtgui/webxml/painting-3d.webxml
qtgui/webxml/richtext-processing.webxml
qtprintsupport/webxml/printing.webxml
qtsql/webxml/database.webxml
qtlocation/webxml/qml-qtlocation5-maps.webxml
qtquick/webxml/qtquick-scenegraph-nodes.webxml
qtquick/webxml/qtquick-scenegraph-materials.webxml
qtnetwork/webxml/network.webxml
